Sun, 23 Aug 2026 01:49:22 GMT woce-backupd: starting, version 3.1.0+20260822-213315, pid 2883
Sun, 23 Aug 2026 01:49:22 GMT woce-backupd: service role is baked into the image; nothing to write
Sun, 23 Aug 2026 01:49:22 GMT woce-backupd: lunacall role is baked into the image; nothing to write
Sun, 23 Aug 2026 01:49:22 GMT woce-backupd: db8 admin grant already in place
Sun, 23 Aug 2026 01:53:27 GMT woce-backupd: starting, version 3.1.0+20260822-213315, pid 7134
Sun, 23 Aug 2026 01:53:27 GMT woce-backupd: service role is baked into the image; nothing to write
Sun, 23 Aug 2026 01:53:27 GMT woce-backupd: lunacall role is baked into the image; nothing to write
Sun, 23 Aug 2026 01:53:27 GMT woce-backupd: db8 admin grant already in place
Sun, 23 Aug 2026 02:06:22 GMT woce-backupd: starting, version 3.1.0+20260822-213315, pid 2481
Sun, 23 Aug 2026 02:06:22 GMT woce-backupd: service role is baked into the image; nothing to write
Sun, 23 Aug 2026 02:06:22 GMT woce-backupd: lunacall role is baked into the image; nothing to write
Sun, 23 Aug 2026 02:06:22 GMT woce-backupd: db8 admin grant already in place
Sun, 23 Aug 2026 02:08:38 GMT woce-backupd: restored 10 file(s), 0 skipped
Sun, 23 Aug 2026 02:09:15 GMT woce-backupd: listed 27 installed package(s), 67 provided by the system image
Sun, 23 Aug 2026 02:18:53 GMT woce-backupd: restored ca.canucksoftware.filemgr (1MB archive) in 0s into 3 path(s): /media/cryptofs/apps/usr/palm/applications/ca.canucksoftware.filemgr, /media/cryptofs/apps/usr/palm/services/ca.canucksoftware.filemgr, /media/cryptofs/apps/usr/palm/packages/ca.canucksoftware.filemgr
Sun, 23 Aug 2026 02:18:53 GMT woce-backupd: registered service ca.canucksoftware.filemgr [pub]; takes effect on next boot
Sun, 23 Aug 2026 02:18:54 GMT woce-backupd: restored ca.canucksoftware.internalz (1MB archive) in 1s into 1 path(s): /media/cryptofs/apps/usr/palm/applications/ca.canucksoftware.internalz
Sun, 23 Aug 2026 02:18:54 GMT woce-backupd: restored ca.canucksoftware.systoolsmgr (1MB archive) in 0s into 3 path(s): /media/cryptofs/apps/usr/palm/services/ca.canucksoftware.systoolsmgr, /media/cryptofs/apps/usr/palm/applications/ca.canucksoftware.systoolsmgr, /media/cryptofs/apps/usr/palm/packages/ca.canucksoftware.systoolsmgr
Sun, 23 Aug 2026 02:18:54 GMT woce-backupd: registered service ca.canucksoftware.systoolsmgr [pub]; takes effect on next boot
Sun, 23 Aug 2026 02:19:12 GMT woce-backupd: restored com.10tons.azkend2 (71MB archive) in 13s into 2 path(s): /media/cryptofs/apps/usr/palm/applications/com.10tons.azkend2, /media/cryptofs/apps/usr/palm/packages/com.10tons.azkend2
Sun, 23 Aug 2026 02:19:31 GMT woce-backupd: restored com.accuweather.accuweather (23MB archive) in 6s into 2 path(s): /media/cryptofs/apps/usr/palm/applications/com.accuweather.accuweather, /media/cryptofs/apps/usr/palm/packages/com.accuweather.accuweather
Sun, 23 Aug 2026 02:19:43 GMT woce-backupd: restored com.apkenv.wheresmywater (24MB archive) in 4s into 2 path(s): /media/cryptofs/apps/usr/palm/applications/com.apkenv.wheresmywater, /media/cryptofs/apps/usr/palm/packages/com.apkenv.wheresmywater
Sun, 23 Aug 2026 02:19:46 GMT woce-backupd: restored com.aventer.webdavclient (1MB archive) in 2s into 2 path(s): /media/cryptofs/apps/usr/palm/applications/com.aventer.webdavclient, /media/cryptofs/apps/usr/palm/packages/com.aventer.webdavclient
Sun, 23 Aug 2026 02:19:47 GMT woce-backupd: restored com.backelite.dailymotion (2MB archive) in 1s into 2 path(s): /media/cryptofs/apps/usr/palm/applications/com.backelite.dailymotion, /media/cryptofs/apps/usr/palm/packages/com.backelite.dailymotion
Sun, 23 Aug 2026 02:19:47 GMT woce-backupd: restored com.cmdrkeen.game (1MB archive) in 1s into 1 path(s): /media/cryptofs/apps/usr/palm/applications/com.cmdrkeen.game
Sun, 23 Aug 2026 02:19:53 GMT woce-backupd: restored com.codepoet.hackermystery (5MB archive) in 5s into 2 path(s): /media/cryptofs/apps/usr/palm/applications/com.codepoet.hackermystery, /media/cryptofs/apps/usr/palm/packages/com.codepoet.hackermystery
Sun, 23 Aug 2026 02:19:53 GMT woce-backupd: restored com.codepoet.tapmap (1MB archive) in 0s into 2 path(s): /media/cryptofs/apps/usr/palm/applications/com.codepoet.tapmap, /media/cryptofs/apps/usr/palm/packages/com.codepoet.tapmap
Sun, 23 Aug 2026 02:19:54 GMT woce-backupd: restored com.codepoet.trapperkeeper (1MB archive) in 1s into 3 path(s): /media/cryptofs/apps/usr/palm/applications/com.codepoet.trapperkeeper, /media/cryptofs/apps/usr/palm/services/com.codepoet.trapperkeeper.service, /media/cryptofs/apps/usr/palm/packages/com.codepoet.trapperkeeper
Sun, 23 Aug 2026 02:19:54 GMT woce-backupd: registered service com.codepoet.trapperkeeper.service [pub]; takes effect on next boot
Sun, 23 Aug 2026 02:19:54 GMT woce-backupd: restored com.codepoet.wordsel (1MB archive) in 0s into 2 path(s): /media/cryptofs/apps/usr/palm/applications/com.codepoet.wordsel, /media/cryptofs/apps/usr/palm/packages/com.codepoet.wordsel
Sun, 23 Aug 2026 02:19:55 GMT woce-backupd: restored com.cyber-nova.towersofhanoi (1MB archive) in 0s into 2 path(s): /media/cryptofs/apps/usr/palm/applications/com.cyber-nova.towersofhanoi, /media/cryptofs/apps/usr/palm/packages/com.cyber-nova.towersofhanoi
Sun, 23 Aug 2026 02:20:02 GMT woce-backupd: restored com.drnull.drpodder (3MB archive) in 7s into 2 path(s): /media/cryptofs/apps/usr/palm/applications/com.drnull.drpodder, /media/cryptofs/apps/usr/palm/packages/com.drnull.drpodder
Sun, 23 Aug 2026 02:20:24 GMT woce-backupd: restored com.ea.app.monopoly.eu.efigs (23MB archive) in 16s into 1 path(s): /media/cryptofs/apps/usr/palm/applications/com.ea.app.monopoly.eu.efigs
Sun, 23 Aug 2026 02:23:53 GMT woce-backupd: restored com.ea.app.nfshp.pad.na (296MB archive) in 127s into 1 path(s): /media/cryptofs/apps/usr/palm/applications/com.ea.app.nfshp.pad.na
Sun, 23 Aug 2026 02:25:49 GMT woce-backupd: restored com.ea.app.tw09 (151MB archive) in 76s into 2 path(s): /media/cryptofs/apps/usr/palm/applications/com.ea.app.tw09, /media/cryptofs/apps/usr/palm/packages/com.ea.app.tw09
Sun, 23 Aug 2026 02:25:54 GMT woce-backupd: restored com.emu7800.touchpad (1MB archive) in 4s into 2 path(s): /media/cryptofs/apps/usr/palm/applications/com.emu7800.touchpad, /media/cryptofs/apps/usr/palm/packages/com.emu7800.touchpad
Sun, 23 Aug 2026 02:25:57 GMT woce-backupd: restored com.explusalpha.nesemu (1MB archive) in 0s into 2 path(s): /media/cryptofs/apps/usr/palm/applications/com.explusalpha.nesemu, /media/cryptofs/apps/usr/palm/packages/com.explusalpha.nesemu
Sun, 23 Aug 2026 02:26:02 GMT woce-backupd: restored com.explusalpha.snes9x (2MB archive) in 1s into 2 path(s): /media/cryptofs/apps/usr/palm/applications/com.explusalpha.snes9x, /media/cryptofs/apps/usr/palm/packages/com.explusalpha.snes9x
Sun, 23 Aug 2026 02:26:08 GMT woce-backupd: restored com.foxtailsoftware.pulseaudiorestarter (1MB archive) in 0s into 3 path(s): /media/cryptofs/apps/usr/palm/services/com.foxtailsoftware.pulseaudiorestarter.node, /media/cryptofs/apps/usr/palm/applications/com.foxtailsoftware.pulseaudiorestarter, /media/cryptofs/apps/usr/palm/packages/com.foxtailsoftware.pulseaudiorestarter
Sun, 23 Aug 2026 02:26:13 GMT woce-backupd: registered service com.foxtailsoftware.pulseaudiorestarter.node [pub]; takes effect on next boot
Sun, 23 Aug 2026 02:26:45 GMT woce-backupd: restored com.gameduell.app.junglejewels (35MB archive) in 7s into 2 path(s): /media/cryptofs/apps/usr/palm/applications/com.gameduell.app.junglejewels, /media/cryptofs/apps/usr/palm/packages/com.gameduell.app.junglejewels
Sun, 23 Aug 2026 02:29:58 GMT woce-backupd: restored com.gameloft.app.driverhd (199MB archive) in 157s into 1 path(s): /media/cryptofs/apps/usr/palm/applications/com.gameloft.app.driverhd
Sun, 23 Aug 2026 02:31:16 GMT woce-backupd: restored com.gameloft.app.nova (77MB archive) in 12s into 2 path(s): /media/cryptofs/apps/usr/palm/applications/com.gameloft.app.nova, /media/cryptofs/apps/usr/palm/packages/com.gameloft.app.nova
Sun, 23 Aug 2026 02:33:18 GMT woce-backupd: restored com.gameloft.app.sandstorm (134MB archive) in 92s into 2 path(s): /media/cryptofs/apps/usr/palm/applications/com.gameloft.app.sandstorm, /media/cryptofs/apps/usr/palm/packages/com.gameloft.app.sandstorm
Sun, 23 Aug 2026 02:33:31 GMT woce-backupd: restored com.glu.app.transg1 (8MB archive) in 2s into 2 path(s): /media/cryptofs/apps/usr/palm/applications/com.glu.app.transg1, /media/cryptofs/apps/usr/palm/packages/com.glu.app.transg1
Sun, 23 Aug 2026 02:33:31 GMT woce-backupd: restored com.grabber.moviedb (1MB archive) in 0s into 2 path(s): /media/cryptofs/apps/usr/palm/applications/com.grabber.moviedb, /media/cryptofs/apps/usr/palm/packages/com.grabber.moviedb
Sun, 23 Aug 2026 02:33:33 GMT woce-backupd: restored com.jmtk.apollo (7MB archive) in 1s into 2 path(s): /media/cryptofs/apps/usr/palm/packages/com.jmtk.apollo, /media/cryptofs/apps/usr/palm/applications/com.jmtk.apollo
Sun, 23 Aug 2026 02:33:33 GMT woce-backupd: restored com.jonandnic.metube (1MB archive) in 0s into 2 path(s): /media/cryptofs/apps/usr/palm/packages/com.jonandnic.metube, /media/cryptofs/apps/usr/palm/applications/com.jonandnic.metube
Sun, 23 Aug 2026 02:33:34 GMT woce-backupd: restored com.lazydayproject.cablenews (2MB archive) in 0s into 2 path(s): /media/cryptofs/apps/usr/palm/applications/com.lazydayproject.cablenews, /media/cryptofs/apps/usr/palm/packages/com.lazydayproject.cablenews
Sun, 23 Aug 2026 02:33:34 GMT woce-backupd: restored com.nizovn.cacert (1MB archive) in 0s into 1 path(s): /media/cryptofs/apps/usr/palm/applications/com.nizovn.cacert
Sun, 23 Aug 2026 02:34:34 GMT woce-backupd: restored com.nizovn.glibc (56MB archive) in 52s into 1 path(s): /media/cryptofs/apps/usr/palm/applications/com.nizovn.glibc
Sun, 23 Aug 2026 02:34:35 GMT woce-backupd: restored com.nizovn.openssl (1MB archive) in 1s into 1 path(s): /media/cryptofs/apps/usr/palm/applications/com.nizovn.openssl
Sun, 23 Aug 2026 02:35:35 GMT woce-backupd: restored com.nizovn.qt5 (65MB archive) in 36s into 1 path(s): /media/cryptofs/apps/usr/palm/applications/com.nizovn.qt5
Sun, 23 Aug 2026 02:35:36 GMT woce-backupd: restored com.nizovn.qt5qpaplugins (1MB archive) in 0s into 1 path(s): /media/cryptofs/apps/usr/palm/applications/com.nizovn.qt5qpaplugins
Sun, 23 Aug 2026 02:35:36 GMT woce-backupd: restored com.nizovn.qt5sdk (1MB archive) in 0s into 1 path(s): /media/cryptofs/apps/usr/palm/applications/com.nizovn.qt5sdk
Sun, 23 Aug 2026 02:35:43 GMT woce-backupd: restored com.nizovn.qupzilla (6MB archive) in 3s into 2 path(s): /media/cryptofs/apps/usr/palm/applications/com.nizovn.qupzilla, /media/cryptofs/apps/usr/palm/packages/com.nizovn.qupzilla
Sun, 23 Aug 2026 02:35:44 GMT woce-backupd: restored com.othelloventures.feedspider2 (1MB archive) in 1s into 2 path(s): /media/cryptofs/apps/usr/palm/applications/com.othelloventures.feedspider2, /media/cryptofs/apps/usr/palm/packages/com.othelloventures.feedspider2
Sun, 23 Aug 2026 02:35:46 GMT woce-backupd: restored com.palm.app.jonandnic.simplechat (2MB archive) in 1s into 2 path(s): /media/cryptofs/apps/usr/palm/applications/com.palm.app.jonandnic.simplechat, /media/cryptofs/apps/usr/palm/packages/com.palm.app.jonandnic.simplechat
Sun, 23 Aug 2026 02:35:46 GMT woce-backupd: restored com.palm.app.jonandnic.urlassist (1MB archive) in 0s into 2 path(s): /media/cryptofs/apps/usr/palm/applications/com.palm.app.jonandnic.urlassist, /media/cryptofs/apps/usr/palm/packages/com.palm.app.jonandnic.urlassist
Sun, 23 Aug 2026 02:35:47 GMT woce-backupd: restored com.palm.biz.sketchyplace.jstop (1MB archive) in 0s into 1 path(s): /media/cryptofs/apps/usr/palm/applications/com.palm.biz.sketchyplace.jstop
Sun, 23 Aug 2026 02:35:55 GMT woce-backupd: restored com.palm.codepoet.papyrus (8MB archive) in 5s into 2 path(s): /media/cryptofs/apps/usr/palm/applications/com.palm.codepoet.papyrus, /media/cryptofs/apps/usr/palm/packages/com.palm.codepoet.papyrus
Sun, 23 Aug 2026 02:35:55 GMT woce-backupd: restored com.palm.jonandnic.stopwatch (1MB archive) in 0s into 2 path(s): /media/cryptofs/apps/usr/palm/applications/com.palm.jonandnic.stopwatch, /media/cryptofs/apps/usr/palm/packages/com.palm.jonandnic.stopwatch
Sun, 23 Aug 2026 02:35:56 GMT woce-backupd: restored com.palm.webos.nightmoves (1MB archive) in 0s into 2 path(s): /media/cryptofs/apps/usr/palm/applications/com.palm.webos.nightmoves, /media/cryptofs/apps/usr/palm/packages/com.palm.webos.nightmoves
Sun, 23 Aug 2026 02:35:56 GMT woce-backupd: restored com.preciouscoders.pre.auctionmatepro (1MB archive) in 1s into 2 path(s): /media/cryptofs/apps/usr/palm/applications/com.preciouscoders.pre.auctionmatepro, /media/cryptofs/apps/usr/palm/packages/com.preciouscoders.pre.auctionmatepro
Sun, 23 Aug 2026 02:35:57 GMT woce-backupd: restored com.sopwith.game (1MB archive) in 0s into 1 path(s): /media/cryptofs/apps/usr/palm/applications/com.sopwith.game
Sun, 23 Aug 2026 02:35:59 GMT woce-backupd: restored com.splashtop.remote.webos (3MB archive) in 1s into 2 path(s): /media/cryptofs/apps/usr/palm/applications/com.splashtop.remote.webos, /media/cryptofs/apps/usr/palm/packages/com.splashtop.remote.webos
Sun, 23 Aug 2026 02:36:00 GMT woce-backupd: restored com.tehtorq.reddit (1MB archive) in 0s into 2 path(s): /media/cryptofs/apps/usr/palm/applications/com.tehtorq.reddit, /media/cryptofs/apps/usr/palm/packages/com.tehtorq.reddit
Sun, 23 Aug 2026 02:36:01 GMT woce-backupd: restored com.ttpsoft.dailydevopro (1MB archive) in 1s into 2 path(s): /media/cryptofs/apps/usr/palm/applications/com.ttpsoft.dailydevopro, /media/cryptofs/apps/usr/palm/packages/com.ttpsoft.dailydevopro
Sun, 23 Aug 2026 02:36:03 GMT woce-backupd: restored com.usatoday.webos (1MB archive) in 1s into 2 path(s): /media/cryptofs/apps/usr/palm/applications/com.usatoday.webos, /media/cryptofs/apps/usr/palm/packages/com.usatoday.webos
Sun, 23 Aug 2026 02:36:07 GMT woce-backupd: restored com.webosarchive.checkmatehd (3MB archive) in 1s into 2 path(s): /media/cryptofs/apps/usr/palm/applications/com.webosarchive.checkmatehd, /media/cryptofs/apps/usr/palm/packages/com.webosarchive.checkmatehd
Sun, 23 Aug 2026 02:36:11 GMT woce-backupd: restored com.wordpress.touchcontrol.touchvol (1MB archive) in 0s into 3 path(s): /media/cryptofs/apps/usr/palm/applications/com.wordpress.touchcontrol.touchvol, /media/cryptofs/apps/usr/palm/services/com.wordpress.touchcontrol.touchvol, /media/cryptofs/apps/usr/palm/packages/com.wordpress.touchcontrol.touchvol
Sun, 23 Aug 2026 02:36:12 GMT woce-backupd: registered service com.wordpress.touchcontrol.touchvol [pub]; takes effect on next boot
Sun, 23 Aug 2026 02:36:15 GMT woce-backupd: restored com.wosa.bluebubbles (2MB archive) in 2s into 3 path(s): /media/cryptofs/apps/usr/palm/services/com.wosa.bluebubbles.service, /media/cryptofs/apps/usr/palm/applications/com.wosa.bluebubbles, /media/cryptofs/apps/usr/palm/packages/com.wosa.bluebubbles
Sun, 23 Aug 2026 02:36:15 GMT woce-backupd: registered service com.wosa.bluebubbles.service [pub]; takes effect on next boot
Sun, 23 Aug 2026 02:36:17 GMT woce-backupd: restored de.zefanjas.biblez.enyo (2MB archive) in 1s into 3 path(s): /media/cryptofs/apps/usr/palm/applications/de.zefanjas.biblez.enyo, /media/cryptofs/apps/usr/palm/services/de.zefanjas.biblez.enyo.fileio, /media/cryptofs/apps/usr/palm/packages/de.zefanjas.biblez.enyo
Sun, 23 Aug 2026 02:36:17 GMT woce-backupd: registered service de.zefanjas.biblez.enyo.fileio [pub]; takes effect on next boot
Sun, 23 Aug 2026 02:36:21 GMT woce-backupd: restored eu.weboslives.webostracker (3MB archive) in 1s into 2 path(s): /media/cryptofs/apps/usr/palm/applications/eu.weboslives.webostracker, /media/cryptofs/apps/usr/palm/packages/eu.weboslives.webostracker
Sun, 23 Aug 2026 02:36:22 GMT woce-backupd: restored mobi.optware.ipkg-opt (1MB archive) in 0s into 1 path(s): /media/cryptofs/apps/usr/palm/applications/mobi.optware.ipkg-opt
Sun, 23 Aug 2026 02:36:24 GMT woce-backupd: restored mobi.optware.openssh (1MB archive) in 1s into 1 path(s): /media/cryptofs/apps/usr/palm/applications/mobi.optware.openssh
Sun, 23 Aug 2026 02:36:25 GMT woce-backupd: restored mobi.optware.openssl (1MB archive) in 0s into 1 path(s): /media/cryptofs/apps/usr/palm/applications/mobi.optware.openssl
Sun, 23 Aug 2026 02:36:25 GMT woce-backupd: restored mobi.optware.zlib (1MB archive) in 0s into 1 path(s): /media/cryptofs/apps/usr/palm/applications/mobi.optware.zlib
Sun, 23 Aug 2026 02:37:11 GMT woce-backupd: restored org.scummvm.scummvm (70MB archive) in 19s into 1 path(s): /media/cryptofs/apps/usr/palm/applications/org.scummvm.scummvm
Sun, 23 Aug 2026 02:37:13 GMT woce-backupd: restored org.webosarchive.accountsapp (1MB archive) in 0s into 1 path(s): /media/cryptofs/apps/usr/palm/applications/org.webosarchive.accountsapp
Sun, 23 Aug 2026 02:37:14 GMT woce-backupd: restored org.webosarchive.btgamepad (1MB archive) in 0s into 1 path(s): /media/cryptofs/apps/usr/palm/applications/org.webosarchive.btgamepad
Sun, 23 Aug 2026 02:37:15 GMT woce-backupd: restored org.webosarchive.claudechat (1MB archive) in 1s into 2 path(s): /media/cryptofs/apps/usr/palm/applications/org.webosarchive.claudechat, /media/cryptofs/apps/usr/palm/packages/org.webosarchive.claudechat
Sun, 23 Aug 2026 02:37:24 GMT woce-backupd: restored org.webosarchive.flixnet (4MB archive) in 6s into 2 path(s): /media/cryptofs/apps/usr/palm/applications/org.webosarchive.flixnet, /media/cryptofs/apps/usr/palm/packages/org.webosarchive.flixnet
Sun, 23 Aug 2026 02:37:26 GMT woce-backupd: restored org.webosarchive.geminibrowser (2MB archive) in 1s into 2 path(s): /media/cryptofs/apps/usr/palm/applications/org.webosarchive.geminibrowser, /media/cryptofs/apps/usr/palm/packages/org.webosarchive.geminibrowser
Sun, 23 Aug 2026 02:37:26 GMT woce-backupd: restored org.webosarchive.help-redirect (1MB archive) in 0s into 1 path(s): /media/cryptofs/apps/usr/palm/applications/org.webosarchive.help-redirect
Sun, 23 Aug 2026 02:37:30 GMT woce-backupd: restored org.webosarchive.lunedrop (2MB archive) in 1s into 2 path(s): /media/cryptofs/apps/usr/palm/applications/org.webosarchive.lunedrop, /media/cryptofs/apps/usr/palm/packages/org.webosarchive.lunedrop
Sun, 23 Aug 2026 02:37:35 GMT woce-backupd: restored org.webosarchive.open-in-atlas (1MB archive) in 0s into 1 path(s): /media/cryptofs/apps/usr/palm/applications/org.webosarchive.open-in-atlas
Sun, 23 Aug 2026 02:37:40 GMT woce-backupd: restored org.webosarchive.openvpn (1MB archive) in 0s into 2 path(s): /media/cryptofs/apps/usr/palm/applications/org.webosarchive.openvpn, /media/cryptofs/apps/usr/palm/packages/org.webosarchive.openvpn
Sun, 23 Aug 2026 02:37:41 GMT woce-backupd: restored org.webosarchive.pwainstaller (1MB archive) in 0s into 3 path(s): /media/cryptofs/apps/usr/palm/services/org.webosarchive.pwainstaller.fetchsvc.service, /media/cryptofs/apps/usr/palm/applications/org.webosarchive.pwainstaller, /media/cryptofs/apps/usr/palm/packages/org.webosarchive.pwainstaller
Sun, 23 Aug 2026 02:37:42 GMT woce-backupd: registered service org.webosarchive.pwainstaller.fetchsvc.service [pub]; takes effect on next boot
Sun, 23 Aug 2026 02:37:44 GMT woce-backupd: restored org.webosarchive.readontouch (1MB archive) in 1s into 2 path(s): /media/cryptofs/apps/usr/palm/applications/org.webosarchive.readontouch, /media/cryptofs/apps/usr/palm/packages/org.webosarchive.readontouch
Sun, 23 Aug 2026 02:37:59 GMT woce-backupd: restored org.webosarchive.sdlquakehd (9MB archive) in 5s into 1 path(s): /media/cryptofs/apps/usr/palm/applications/org.webosarchive.sdlquakehd
Sun, 23 Aug 2026 02:38:01 GMT woce-backupd: restored org.webosarchive.secondscreen (1MB archive) in 0s into 2 path(s): /media/cryptofs/apps/usr/palm/applications/org.webosarchive.secondscreen, /media/cryptofs/apps/usr/palm/packages/org.webosarchive.secondscreen
Sun, 23 Aug 2026 02:38:12 GMT woce-backupd: restored org.webosarchive.tailscale (9MB archive) in 3s into 2 path(s): /media/cryptofs/apps/usr/palm/applications/org.webosarchive.tailscale, /media/cryptofs/apps/usr/palm/packages/org.webosarchive.tailscale
Sun, 23 Aug 2026 02:38:12 GMT woce-backupd: restored org.webosarchive.tls-updates (1MB archive) in 0s into 1 path(s): /media/cryptofs/apps/usr/palm/applications/org.webosarchive.tls-updates
Sun, 23 Aug 2026 02:38:21 GMT woce-backupd: restored org.webosarchive.vlcplayer (22MB archive) in 7s into 2 path(s): /media/cryptofs/apps/usr/palm/applications/org.webosarchive.vlcplayer, /media/cryptofs/apps/usr/palm/packages/org.webosarchive.vlcplayer
Sun, 23 Aug 2026 02:38:21 GMT woce-backupd: restored org.webosarchive.webcal (1MB archive) in 0s into 3 path(s): /media/cryptofs/apps/usr/palm/services/org.webosarchive.webcal.service, /media/cryptofs/apps/usr/palm/applications/org.webosarchive.webcal.app, /media/cryptofs/apps/usr/palm/packages/org.webosarchive.webcal
Sun, 23 Aug 2026 02:38:21 GMT woce-backupd: registered service org.webosarchive.webcal.service [pub]; takes effect on next boot
Sun, 23 Aug 2026 02:38:21 GMT woce-backupd: restored org.webosarchive.webosaccount (1MB archive) in 0s into 1 path(s): /media/cryptofs/apps/usr/palm/applications/org.webosarchive.webosaccount
Sun, 23 Aug 2026 02:38:55 GMT woce-backupd: restored org.webosarchive.xashhl (47MB archive) in 16s into 1 path(s): /media/cryptofs/apps/usr/palm/applications/org.webosarchive.xashhl
Sun, 23 Aug 2026 02:38:55 GMT woce-backupd: restored org.webosinternals.ausmt (1MB archive) in 0s into 1 path(s): /media/cryptofs/apps/usr/palm/applications/org.webosinternals.ausmt
Sun, 23 Aug 2026 02:38:58 GMT woce-backupd: restored org.webosinternals.dbus (2MB archive) in 1s into 1 path(s): /media/cryptofs/apps/usr/palm/applications/org.webosinternals.dbus
Sun, 23 Aug 2026 02:38:59 GMT woce-backupd: restored org.webosinternals.impostah (1MB archive) in 1s into 1 path(s): /media/cryptofs/apps/usr/palm/applications/org.webosinternals.impostah
Sun, 23 Aug 2026 02:39:09 GMT woce-backupd: restored org.webosinternals.kernels.uber-kernel-touchpad (12MB archive) in 4s into 1 path(s): /media/cryptofs/apps/usr/palm/applications/org.webosinternals.kernels.uber-kernel-touchpad
Sun, 23 Aug 2026 02:39:09 GMT woce-backupd: restored org.webosinternals.lsdiff (1MB archive) in 0s into 1 path(s): /media/cryptofs/apps/usr/palm/applications/org.webosinternals.lsdiff
Sun, 23 Aug 2026 02:39:10 GMT woce-backupd: restored org.webosinternals.mojomail-imap-tagfix (1MB archive) in 0s into 1 path(s): /media/cryptofs/apps/usr/palm/applications/org.webosinternals.mojomail-imap-tagfix
Sun, 23 Aug 2026 02:39:10 GMT woce-backupd: restored org.webosinternals.optware (1MB archive) in 0s into 1 path(s): /media/cryptofs/apps/usr/palm/applications/org.webosinternals.optware
Sun, 23 Aug 2026 02:39:10 GMT woce-backupd: restored org.webosinternals.patch (1MB archive) in 0s into 1 path(s): /media/cryptofs/apps/usr/palm/applications/org.webosinternals.patch
Sun, 23 Aug 2026 02:39:10 GMT woce-backupd: restored org.webosinternals.patches.calendar-default-to-week-view (1MB archive) in 0s into 1 path(s): /media/cryptofs/apps/usr/palm/applications/org.webosinternals.patches.calendar-default-to-week-view
Sun, 23 Aug 2026 02:39:10 GMT woce-backupd: restored org.webosinternals.patches.photos-show-filenames (1MB archive) in 0s into 1 path(s): /media/cryptofs/apps/usr/palm/applications/org.webosinternals.patches.photos-show-filenames
Sun, 23 Aug 2026 02:39:10 GMT woce-backupd: restored org.webosinternals.tweaks (1MB archive) in 0s into 3 path(s): /media/cryptofs/apps/usr/palm/applications/org.webosinternals.tweaks, /media/cryptofs/apps/usr/palm/services/org.webosinternals.tweaks.prefs, /media/cryptofs/apps/usr/palm/packages/org.webosinternals.tweaks
Sun, 23 Aug 2026 02:39:10 GMT woce-backupd: registered service org.webosinternals.tweaks.prefs [pub]; takes effect on next boot
Sun, 23 Aug 2026 02:40:38 GMT woce-backupd: restored org.webosports.app.atlas (100MB archive) in 58s into 1 path(s): /media/cryptofs/apps/usr/palm/applications/org.webosports.app.atlas
Sun, 23 Aug 2026 02:40:39 GMT woce-backupd: restored org.webosports.cdav (1MB archive) in 0s into 3 path(s): /media/cryptofs/apps/usr/palm/services/org.webosports.cdav.service, /media/cryptofs/apps/usr/palm/applications/org.webosports.cdav.app, /media/cryptofs/apps/usr/palm/packages/org.webosports.cdav
Sun, 23 Aug 2026 02:40:39 GMT woce-backupd: registered service org.webosports.cdav.service [pub]; takes effect on next boot
Sun, 23 Aug 2026 02:40:41 GMT woce-backupd: restored org.wz2100.warzone2100 (4MB archive) in 2s into 1 path(s): /media/cryptofs/apps/usr/palm/applications/org.wz2100.warzone2100
Sun, 23 Aug 2026 02:40:43 GMT woce-backupd: restored se.jelica.bob.plex-client (2MB archive) in 1s into 2 path(s): /media/cryptofs/apps/usr/palm/applications/se.jelica.bob.plex-client, /media/cryptofs/apps/usr/palm/packages/se.jelica.bob.plex-client
Sun, 23 Aug 2026 02:40:49 GMT woce-backupd: restored us.ryanhope.wterm (1MB archive) in 1s into 1 path(s): /media/cryptofs/apps/usr/palm/applications/us.ryanhope.wterm
Sun, 23 Aug 2026 02:41:54 GMT woce-backupd: restored webosbuzz.com.bigfishgames.app.serpentofisishd (116MB archive) in 32s into 1 path(s): /media/cryptofs/apps/usr/palm/applications/com.bigfishgames.app.serpentofisishd
Sun, 23 Aug 2026 02:42:20 GMT woce-backupd: restored webosbuzz.com.gameloft.app.shrekkartinghd (52MB archive) in 8s into 1 path(s): /media/cryptofs/apps/usr/palm/applications/com.gameloft.app.shrekkartinghd
Sun, 23 Aug 2026 02:42:21 GMT woce-backupd: restored org.webosarchive.webcal.app (1MB archive) in 0s into 1 path(s): /media/cryptofs/apps/usr/palm/applications/org.webosarchive.webcal.app
Sun, 23 Aug 2026 02:42:21 GMT woce-backupd: restored org.webosports.cdav.app (1MB archive) in 0s into 1 path(s): /media/cryptofs/apps/usr/palm/applications/org.webosports.cdav.app
Sun, 23 Aug 2026 02:42:32 GMT woce-backupd: restored com.gameloft.app.shrekkartinghd (52MB archive) in 8s into 1 path(s): /media/cryptofs/apps/usr/palm/applications/com.gameloft.app.shrekkartinghd
Sun, 23 Aug 2026 02:43:13 GMT woce-backupd: restored com.bigfishgames.app.serpentofisishd (116MB archive) in 34s into 1 path(s): /media/cryptofs/apps/usr/palm/applications/com.bigfishgames.app.serpentofisishd
